# situ capability map v1
# schema: edges.situ
# core:   offset size align repr atomic
#
# Core axes are always shown. Any other axis appears only where it has
# been weakened below its strongest value.
#
# Offsets are byte values, or byte:bit where a field does not start on
# a byte boundary. Sizes are bytes unless suffixed with `bit`.

struct derived size=13 mutate=Immutable repr=ValueConverted atomic=NonAtomic auth=Covered(invariant total, tag)
  derived.total                          offset=AbsoluteStatic(0x00) size=Fixed(2) align=Aligned(8) repr=ValueConverted atomic=AtomicWord mutate=Immutable
  derived.a                              offset=AbsoluteStatic(0x02) size=Fixed(1) align=Aligned(2) repr=MemoryIdentical atomic=AtomicWord auth=Covered(invariant total)
  derived.b                              offset=AbsoluteStatic(0x03) size=Fixed(4) align=Aligned(1) repr=ValueConverted atomic=NonAtomic auth=Covered(invariant total)
  derived.body                           offset=AbsoluteStatic(0x07) size=Fixed(2) align=Aligned(1) repr=MemoryIdentical atomic=NonAtomic auth=Covered(tag)
  derived.sequence                       offset=AbsoluteStatic(0x07) size=Fixed(2) align=Aligned(1) repr=ValueConverted atomic=NonAtomic auth=Covered(tag)
  derived.tag                            offset=AbsoluteStatic(0x09) size=Fixed(4) align=Aligned(1) repr=MemoryIdentical atomic=NonAtomic mutate=Immutable

struct edges size=19 repr=ValueConverted atomic=NonAtomic
  edges.trim                             offset=AbsoluteStatic(0x00) size=Fixed(5bit) align=Unaligned repr=ValueConverted atomic=NonAtomic
  edges.scale                            offset=AbsoluteStatic(0x00:5) size=Fixed(3bit) align=Unaligned repr=ValueConverted atomic=NonAtomic
  edges.offset                           offset=AbsoluteStatic(0x01) size=Fixed(12bit) align=Unaligned repr=ValueConverted atomic=NonAtomic
  edges.channel                          offset=AbsoluteStatic(0x02:4) size=Fixed(4bit) align=Unaligned repr=ValueConverted atomic=NonAtomic
  edges.samples                          offset=AbsoluteStatic(0x03) size=Fixed(8) align=Aligned(1) repr=ValueConverted atomic=NonAtomic
  edges.deltas                           offset=AbsoluteStatic(0x0B) size=Fixed(8) align=Aligned(1) repr=ValueConverted atomic=NonAtomic

struct framed size=9 access=Sequential mutate=Shifting address=Unstable repr=ValueConverted atomic=NonAtomic effect=EffectOnRead
  framed.magic                           offset=AbsoluteStatic(0x00) size=Fixed(4) align=Aligned(8) repr=MemoryIdentical atomic=NonAtomic
  framed.version                         offset=AbsoluteStatic(0x04) size=Bounded(2, 16) align=Aligned(4) repr=MemoryIdentical atomic=NonAtomic mutate=Shifting
  framed.label                           offset=Scanned size=Unbounded align=Unaligned repr=MemoryIdentical atomic=NonAtomic access=Sequential mutate=Shifting address=Unstable effect=EffectOnRead
  framed.count                           offset=Scanned size=Fixed(2) align=Unaligned repr=ValueConverted atomic=NonAtomic access=Sequential address=Unstable

struct kv size=4 access=Sequential mutate=Shifting address=Unstable atomic=NonAtomic effect=EffectOnRead
  kv.key                                 offset=AbsoluteStatic(0x00) size=Unbounded align=Aligned(8) repr=MemoryIdentical atomic=NonAtomic mutate=Shifting effect=EffectOnRead
  kv.value                               offset=Scanned size=Unbounded align=Unaligned repr=MemoryIdentical atomic=NonAtomic access=Sequential mutate=Shifting address=Unstable effect=EffectOnRead

struct kv_block size=2 access=Sequential mutate=Shifting address=Unstable atomic=NonAtomic effect=EffectOnRead
  kv_block.entries                       offset=AbsoluteStatic(0x00) size=Unbounded align=Aligned(8) repr=MemoryIdentical atomic=NonAtomic access=Sequential mutate=Shifting effect=EffectOnRead
  kv_block.entries[]                     offset=FrameStatic(0x00) size=Unbounded align=Aligned(8) repr=MemoryIdentical atomic=NonAtomic access=Sequential mutate=Shifting address=Unstable effect=EffectOnRead
  kv_block.entries[].key                 offset=FrameStatic(0x00) size=Unbounded align=Aligned(8) repr=MemoryIdentical atomic=NonAtomic mutate=Shifting effect=EffectOnRead
  kv_block.entries[].value               offset=Scanned size=Unbounded align=Unaligned repr=MemoryIdentical atomic=NonAtomic access=Sequential mutate=Shifting address=Unstable effect=EffectOnRead
  kv_block.payload                       offset=Scanned size=Unbounded align=Unaligned repr=MemoryIdentical atomic=AtomicWord access=Sequential mutate=Shifting address=Unstable

struct labelled size=22 repr=ValueConverted atomic=NonAtomic canonical=NonCanonical
  labelled.name                          offset=AbsoluteStatic(0x00) size=Fixed(16) align=Aligned(8) repr=MemoryIdentical atomic=NonAtomic canonical=NonCanonical
  labelled.code                          offset=AbsoluteStatic(0x10) size=Fixed(4) align=Aligned(8) repr=MemoryIdentical atomic=NonAtomic
  labelled.sequence                      offset=AbsoluteStatic(0x14) size=Fixed(2) align=Aligned(4) repr=ValueConverted atomic=AtomicWord

struct quoted_row size=1 access=Sequential mutate=Shifting address=Unstable atomic=NonAtomic canonical=NonCanonical effect=EffectOnRead
  quoted_row.field                       offset=AbsoluteStatic(0x00) size=Unbounded align=Aligned(8) repr=MemoryIdentical atomic=NonAtomic mutate=Shifting canonical=NonCanonical effect=EffectOnRead
  quoted_row.rest                        offset=Scanned size=Unbounded align=Unaligned repr=MemoryIdentical atomic=AtomicWord access=Sequential mutate=Shifting address=Unstable

struct texty size=2 access=Sequential mutate=Shifting address=Unstable repr=TextConverted
  texty.count                            offset=AbsoluteStatic(0x00) size=Bounded(2, 8) align=Aligned(8) repr=TextConverted atomic=AtomicWord mutate=Shifting
  texty.body                             offset=Scanned size=Bounded(0, 65535) align=Unaligned repr=MemoryIdentical atomic=AtomicWord access=Sequential mutate=Shifting address=Unstable

struct two_tags size=23 mutate=Immutable repr=ValueConverted atomic=NonAtomic auth=Covered(tag, checksum)
  two_tags.hop                           offset=AbsoluteStatic(0x00) size=Fixed(1) align=Aligned(8) repr=MemoryIdentical atomic=AtomicWord
  two_tags.inner                         offset=AbsoluteStatic(0x01) size=Fixed(2) align=Aligned(1) repr=MemoryIdentical atomic=NonAtomic auth=Covered(tag)
  two_tags.kind                          offset=AbsoluteStatic(0x01) size=Fixed(1) align=Aligned(1) repr=MemoryIdentical atomic=AtomicWord auth=Covered(tag)
  two_tags.<reserved0>                   offset=AbsoluteStatic(0x02) size=Fixed(4bit) align=Unaligned repr=ValueConverted atomic=NonAtomic auth=Covered(tag)
  two_tags.flags                         offset=AbsoluteStatic(0x02:4) size=Fixed(4bit) align=Unaligned repr=ValueConverted atomic=NonAtomic auth=Covered(tag)
  two_tags.tag                           offset=AbsoluteStatic(0x03) size=Fixed(16) align=Aligned(1) repr=MemoryIdentical atomic=NonAtomic mutate=Immutable
  two_tags.outer                         offset=AbsoluteStatic(0x13) size=Fixed(2) align=Aligned(1) repr=MemoryIdentical atomic=NonAtomic auth=Covered(checksum)
  two_tags.sequence                      offset=AbsoluteStatic(0x13) size=Fixed(2) align=Aligned(1) repr=ValueConverted atomic=NonAtomic auth=Covered(checksum)
  two_tags.checksum                      offset=AbsoluteStatic(0x15) size=Fixed(2) align=Aligned(1) repr=MemoryIdentical atomic=NonAtomic mutate=Immutable
