# situ capability map v1
# schema: dnsname.situ
# core:   offset size align repr atomic
#
# Core axes are always shown. Any other axis appears only where it has
# been weakened below its strongest value.
#
# Offsets are byte values, or byte:bit where a field does not start on
# a byte boundary. Sizes are bytes unless suffixed with `bit`.
#
# A struct's size is a bare number where it is fixed, `min..max` where
# it is bounded, and `min..` where nothing bounds it.

struct header size=12 repr=ValueConverted
  header.id                              offset=AbsoluteStatic(0x00) size=Fixed(2) align=Aligned(8) repr=ValueConverted atomic=AtomicWord
  header.flags                           offset=AbsoluteStatic(0x02) size=Fixed(2) align=Aligned(2) repr=ValueConverted atomic=AtomicWord
  header.qdcount                         offset=AbsoluteStatic(0x04) size=Fixed(2) align=Aligned(4) repr=ValueConverted atomic=AtomicWord
  header.ancount                         offset=AbsoluteStatic(0x06) size=Fixed(2) align=Aligned(2) repr=ValueConverted atomic=AtomicWord
  header.nscount                         offset=AbsoluteStatic(0x08) size=Fixed(2) align=Aligned(8) repr=ValueConverted atomic=AtomicWord
  header.arcount                         offset=AbsoluteStatic(0x0A) size=Fixed(2) align=Aligned(2) repr=ValueConverted atomic=AtomicWord

struct label size=1..64 mutate=Shifting repr=ValueConverted atomic=NonAtomic
  label.form                             offset=AbsoluteStatic(0x00) size=Fixed(2bit) align=Unaligned repr=ValueConverted atomic=NonAtomic
  label.rest                             offset=AbsoluteStatic(0x00:2) size=Fixed(6bit) align=Unaligned repr=ValueConverted atomic=NonAtomic
  label.body                             offset=AbsoluteStatic(0x01) size=Bounded(0, 63) align=Aligned(1) repr=MemoryIdentical atomic=NonAtomic mutate=Shifting
  label.body.text                        offset=AbsoluteStatic(0x01) size=Bounded(0, 63) align=Aligned(1) repr=MemoryIdentical atomic=AtomicWord mutate=Shifting
  label.body.pointer_low                 offset=AbsoluteStatic(0x01) size=Fixed(1) align=Aligned(1) repr=MemoryIdentical atomic=AtomicWord

struct name size=1..8192 access=Sequential mutate=Shifting repr=ValueConverted atomic=NonAtomic canonical=NonCanonical
  name.labels                            offset=AbsoluteStatic(0x00) size=Bounded(1, 8192) align=Aligned(8) repr=MemoryIdentical atomic=NonAtomic access=Sequential mutate=Shifting canonical=NonCanonical
  name.labels[]                          offset=FrameStatic(0x00) size=Bounded(1, 64) align=Aligned(8) repr=ValueConverted atomic=NonAtomic access=Sequential mutate=Shifting
  name.labels[].form                     offset=FrameStatic(0x00) size=Fixed(2bit) align=Unaligned repr=ValueConverted atomic=NonAtomic
  name.labels[].rest                     offset=FrameStatic(0x00:2) size=Fixed(6bit) align=Unaligned repr=ValueConverted atomic=NonAtomic
  name.labels[].body                     offset=FrameStatic(0x01) size=Bounded(0, 63) align=Aligned(1) repr=MemoryIdentical atomic=NonAtomic mutate=Shifting
  name.labels[].body.text                offset=FrameStatic(0x01) size=Bounded(0, 63) align=Aligned(1) repr=MemoryIdentical atomic=AtomicWord mutate=Shifting
  name.labels[].body.pointer_low         offset=FrameStatic(0x01) size=Fixed(1) align=Aligned(1) repr=MemoryIdentical atomic=AtomicWord

struct question size=5..8196 access=Sequential mutate=Shifting address=Unstable repr=ValueConverted atomic=NonAtomic canonical=NonCanonical
  question.qname                         offset=AbsoluteStatic(0x00) size=Bounded(1, 8192) align=Aligned(8) repr=ValueConverted atomic=NonAtomic access=Sequential mutate=Shifting canonical=NonCanonical
  question.qname.labels                  offset=AbsoluteStatic(0x00) size=Bounded(1, 8192) align=Aligned(8) repr=MemoryIdentical atomic=NonAtomic access=Sequential mutate=Shifting canonical=NonCanonical
  question.qname.labels[]                offset=FrameStatic(0x00) size=Bounded(1, 64) align=Aligned(8) repr=ValueConverted atomic=NonAtomic access=Sequential mutate=Shifting
  question.qname.labels[].form           offset=FrameStatic(0x00) size=Fixed(2bit) align=Unaligned repr=ValueConverted atomic=NonAtomic
  question.qname.labels[].rest           offset=FrameStatic(0x00:2) size=Fixed(6bit) align=Unaligned repr=ValueConverted atomic=NonAtomic
  question.qname.labels[].body           offset=FrameStatic(0x01) size=Bounded(0, 63) align=Aligned(1) repr=MemoryIdentical atomic=NonAtomic mutate=Shifting
  question.qname.labels[].body.text      offset=FrameStatic(0x01) size=Bounded(0, 63) align=Aligned(1) repr=MemoryIdentical atomic=AtomicWord mutate=Shifting
  question.qname.labels[].body.pointer_low offset=FrameStatic(0x01) size=Fixed(1) align=Aligned(1) repr=MemoryIdentical atomic=AtomicWord
  question.qtype                         offset=Dynamic size=Fixed(2) align=Unaligned repr=ValueConverted atomic=NonAtomic address=Unstable
  question.qclass                        offset=Dynamic size=Fixed(2) align=Unaligned repr=ValueConverted atomic=NonAtomic address=Unstable
