# situ capability map v1
# schema: bmp.situ
# core:   offset size align repr atomic
#
# Core axes are always shown. Any other axis appears only where it has
# been weakened below its strongest value.
#
# Offsets are byte values, or byte:bit where a field does not start on
# a byte boundary. Sizes are bytes unless suffixed with `bit`.

struct bitmap_file_header size=14 repr=ValueConverted atomic=NonAtomic
  bitmap_file_header.signature           offset=AbsoluteStatic(0x00) size=Fixed(2) align=Aligned(8) repr=MemoryIdentical atomic=NonAtomic
  bitmap_file_header.file_size           offset=AbsoluteStatic(0x02) size=Fixed(4) align=Aligned(2) repr=ValueConverted atomic=NonAtomic
  bitmap_file_header.<reserved0>         offset=AbsoluteStatic(0x06) size=Fixed(2) align=Aligned(2) repr=ValueConverted atomic=AtomicWord
  bitmap_file_header.<reserved1>         offset=AbsoluteStatic(0x08) size=Fixed(2) align=Aligned(8) repr=ValueConverted atomic=AtomicWord
  bitmap_file_header.pixel_offset        offset=AbsoluteStatic(0x0A) size=Fixed(4) align=Aligned(2) repr=ValueConverted atomic=NonAtomic

struct bitmap_info_header size=40 repr=ValueConverted
  bitmap_info_header.header_size         offset=AbsoluteStatic(0x00) size=Fixed(4) align=Aligned(8) repr=ValueConverted atomic=AtomicWord
  bitmap_info_header.width               offset=AbsoluteStatic(0x04) size=Fixed(4) align=Aligned(4) repr=ValueConverted atomic=AtomicWord
  bitmap_info_header.height              offset=AbsoluteStatic(0x08) size=Fixed(4) align=Aligned(8) repr=ValueConverted atomic=AtomicWord
  bitmap_info_header.planes              offset=AbsoluteStatic(0x0C) size=Fixed(2) align=Aligned(4) repr=ValueConverted atomic=AtomicWord
  bitmap_info_header.bits_per_pixel      offset=AbsoluteStatic(0x0E) size=Fixed(2) align=Aligned(2) repr=ValueConverted atomic=AtomicWord
  bitmap_info_header.compression         offset=AbsoluteStatic(0x10) size=Fixed(4) align=Aligned(8) repr=ValueConverted atomic=AtomicWord
  bitmap_info_header.image_size          offset=AbsoluteStatic(0x14) size=Fixed(4) align=Aligned(4) repr=ValueConverted atomic=AtomicWord
  bitmap_info_header.x_pixels_per_meter  offset=AbsoluteStatic(0x18) size=Fixed(4) align=Aligned(8) repr=ValueConverted atomic=AtomicWord
  bitmap_info_header.y_pixels_per_meter  offset=AbsoluteStatic(0x1C) size=Fixed(4) align=Aligned(4) repr=ValueConverted atomic=AtomicWord
  bitmap_info_header.colours_used        offset=AbsoluteStatic(0x20) size=Fixed(4) align=Aligned(8) repr=ValueConverted atomic=AtomicWord
  bitmap_info_header.important_colours   offset=AbsoluteStatic(0x24) size=Fixed(4) align=Aligned(4) repr=ValueConverted atomic=AtomicWord
