# situ capability map v1
# schema: telemetry.situ
# core:   offset size align repr atomic
#
# Core axes are always shown. Any other axis appears only where it has
# been weakened below its strongest value.
#
# Offsets are byte values, or byte:bit where a field does not start on
# a byte boundary. Sizes are bytes unless suffixed with `bit`.
#
# A struct's size is a bare number where it is fixed, `min..max` where
# it is bounded, and `min..` where nothing bounds it.

struct reading size=4 repr=ValueConverted atomic=NonAtomic
  reading.value                          offset=AbsoluteStatic(0x00) size=Fixed(2) align=Aligned(8) repr=ValueConverted atomic=AtomicWord
  reading.status                         offset=AbsoluteStatic(0x02) size=Fixed(1) align=Aligned(2) repr=ValueConverted atomic=NonAtomic
  reading.status.calibrated              offset=AbsoluteStatic(0x02) size=Fixed(1bit) align=Unaligned repr=ValueConverted atomic=NonAtomic
  reading.status.self_test_passed        offset=AbsoluteStatic(0x02:1) size=Fixed(1bit) align=Unaligned repr=ValueConverted atomic=NonAtomic
  reading.status.power_good              offset=AbsoluteStatic(0x02:2) size=Fixed(1bit) align=Unaligned repr=ValueConverted atomic=NonAtomic
  reading.status.over_temperature        offset=AbsoluteStatic(0x02:3) size=Fixed(1bit) align=Unaligned repr=ValueConverted atomic=NonAtomic
  reading.status.quality                 offset=AbsoluteStatic(0x02:4) size=Fixed(2bit) align=Unaligned repr=ValueConverted atomic=NonAtomic
  reading.status.<reserved0>             offset=AbsoluteStatic(0x02:6) size=Fixed(2bit) align=Unaligned repr=ValueConverted atomic=NonAtomic
  reading.channel                        offset=AbsoluteStatic(0x03) size=Fixed(1) align=Aligned(1) repr=MemoryIdentical atomic=AtomicWord

struct status size=1 repr=ValueConverted atomic=NonAtomic
  status.calibrated                      offset=AbsoluteStatic(0x00) size=Fixed(1bit) align=Unaligned repr=ValueConverted atomic=NonAtomic
  status.self_test_passed                offset=AbsoluteStatic(0x00:1) size=Fixed(1bit) align=Unaligned repr=ValueConverted atomic=NonAtomic
  status.power_good                      offset=AbsoluteStatic(0x00:2) size=Fixed(1bit) align=Unaligned repr=ValueConverted atomic=NonAtomic
  status.over_temperature                offset=AbsoluteStatic(0x00:3) size=Fixed(1bit) align=Unaligned repr=ValueConverted atomic=NonAtomic
  status.quality                         offset=AbsoluteStatic(0x00:4) size=Fixed(2bit) align=Unaligned repr=ValueConverted atomic=NonAtomic
  status.<reserved0>                     offset=AbsoluteStatic(0x00:6) size=Fixed(2bit) align=Unaligned repr=ValueConverted atomic=NonAtomic

struct telemetry_frame size=56 repr=ValueConverted atomic=NonAtomic
  telemetry_frame.version                offset=AbsoluteStatic(0x00) size=Fixed(1) align=Aligned(8) repr=MemoryIdentical atomic=AtomicWord
  telemetry_frame.kind                   offset=AbsoluteStatic(0x01) size=Fixed(1) align=Aligned(1) repr=MemoryIdentical atomic=AtomicWord
  telemetry_frame.sequence               offset=AbsoluteStatic(0x02) size=Fixed(2) align=Aligned(2) repr=ValueConverted atomic=AtomicWord
  telemetry_frame.timestamp_high         offset=AbsoluteStatic(0x04) size=Fixed(4) align=Aligned(4) repr=ValueConverted atomic=AtomicWord
  telemetry_frame.timestamp_low          offset=AbsoluteStatic(0x08) size=Fixed(4) align=Aligned(8) repr=ValueConverted atomic=AtomicWord
  telemetry_frame.device_id              offset=AbsoluteStatic(0x0C) size=Fixed(8) align=Aligned(4) repr=MemoryIdentical atomic=NonAtomic
  telemetry_frame.readings               offset=AbsoluteStatic(0x14) size=Fixed(32) align=Aligned(4) repr=MemoryIdentical atomic=NonAtomic
  telemetry_frame.readings[]             offset=FrameStatic(0x00) size=Fixed(4) align=Aligned(8) repr=ValueConverted atomic=NonAtomic
  telemetry_frame.readings[].value       offset=FrameStatic(0x00) size=Fixed(2) align=Aligned(8) repr=ValueConverted atomic=AtomicWord
  telemetry_frame.readings[].status      offset=FrameStatic(0x02) size=Fixed(1) align=Aligned(2) repr=ValueConverted atomic=NonAtomic
  telemetry_frame.readings[].status.calibrated offset=FrameStatic(0x02) size=Fixed(1bit) align=Unaligned repr=ValueConverted atomic=NonAtomic
  telemetry_frame.readings[].status.self_test_passed offset=FrameStatic(0x02:1) size=Fixed(1bit) align=Unaligned repr=ValueConverted atomic=NonAtomic
  telemetry_frame.readings[].status.power_good offset=FrameStatic(0x02:2) size=Fixed(1bit) align=Unaligned repr=ValueConverted atomic=NonAtomic
  telemetry_frame.readings[].status.over_temperature offset=FrameStatic(0x02:3) size=Fixed(1bit) align=Unaligned repr=ValueConverted atomic=NonAtomic
  telemetry_frame.readings[].status.quality offset=FrameStatic(0x02:4) size=Fixed(2bit) align=Unaligned repr=ValueConverted atomic=NonAtomic
  telemetry_frame.readings[].status.<reserved0> offset=FrameStatic(0x02:6) size=Fixed(2bit) align=Unaligned repr=ValueConverted atomic=NonAtomic
  telemetry_frame.readings[].channel     offset=FrameStatic(0x03) size=Fixed(1) align=Aligned(1) repr=MemoryIdentical atomic=AtomicWord
  telemetry_frame.checksum               offset=AbsoluteStatic(0x34) size=Fixed(4) align=Aligned(4) repr=ValueConverted atomic=AtomicWord
