# situ capability map v1
# schema: json.situ
# core:   offset size align repr atomic
#
# Core axes are always shown. Any other axis appears only where it has
# been weakened below its strongest value.
#
# Offsets are byte values, or byte:bit where a field does not start on
# a byte boundary. Sizes are bytes unless suffixed with `bit`.
#
# A struct's size is a bare number where it is fixed, `min..max` where
# it is bounded, and `min..` where nothing bounds it.

struct array size=1.. access=Sequential mutate=Shifting address=Unstable atomic=NonAtomic
  array.entries                          offset=AbsoluteStatic(0x00) size=Unbounded align=Aligned(8) repr=MemoryIdentical atomic=NonAtomic access=Sequential mutate=Shifting
  array.entries[]                        offset=FrameStatic(0x00) size=Unbounded align=Aligned(8) repr=MemoryIdentical atomic=NonAtomic access=Sequential mutate=Shifting address=Unstable
  array.entries[].held                   offset=FrameStatic(0x00) size=Unbounded align=Aligned(8) repr=MemoryIdentical atomic=NonAtomic mutate=Shifting
  array.entries[].sep                    offset=Dynamic size=Fixed(1) align=Unaligned repr=MemoryIdentical atomic=AtomicWord address=Unstable

struct element size=1.. mutate=Shifting address=Unstable atomic=NonAtomic
  element.held                           offset=AbsoluteStatic(0x00) size=Unbounded align=Aligned(8) repr=MemoryIdentical atomic=NonAtomic mutate=Shifting
  element.sep                            offset=Dynamic size=Fixed(1) align=Unaligned repr=MemoryIdentical atomic=AtomicWord address=Unstable

struct member size=4.. access=Sequential mutate=Shifting address=Unstable atomic=NonAtomic effect=EffectOnRead
  member.open                            offset=AbsoluteStatic(0x00) size=Fixed(1) align=Aligned(8) repr=MemoryIdentical atomic=AtomicWord
  member.key                             offset=AbsoluteStatic(0x01) size=Unbounded align=Aligned(1) repr=MemoryIdentical atomic=AtomicWord mutate=Shifting effect=EffectOnRead
  member.colon                           offset=Scanned size=Fixed(1) align=Unaligned repr=MemoryIdentical atomic=AtomicWord access=Sequential address=Unstable
  member.held                            offset=Scanned size=Unbounded align=Unaligned repr=MemoryIdentical atomic=NonAtomic access=Sequential mutate=Shifting address=Unstable
  member.sep                             offset=Scanned size=Fixed(1) align=Unaligned repr=MemoryIdentical atomic=AtomicWord access=Sequential address=Unstable

struct no size=4 atomic=NonAtomic
  no.rest                                offset=AbsoluteStatic(0x00) size=Fixed(4) align=Aligned(8) repr=MemoryIdentical atomic=NonAtomic

struct nothing size=3 atomic=NonAtomic
  nothing.rest                           offset=AbsoluteStatic(0x00) size=Fixed(3) align=Aligned(8) repr=MemoryIdentical atomic=NonAtomic

struct number size=1.. mutate=Shifting effect=EffectOnRead
  number.rest                            offset=AbsoluteStatic(0x00) size=Unbounded align=Aligned(8) repr=MemoryIdentical atomic=AtomicWord mutate=Shifting effect=EffectOnRead

struct object size=4.. access=Sequential mutate=Shifting address=Unstable atomic=NonAtomic effect=EffectOnRead
  object.entries                         offset=AbsoluteStatic(0x00) size=Unbounded align=Aligned(8) repr=MemoryIdentical atomic=NonAtomic access=Sequential mutate=Shifting
  object.entries[]                       offset=FrameStatic(0x00) size=Unbounded align=Aligned(8) repr=MemoryIdentical atomic=NonAtomic access=Sequential mutate=Shifting address=Unstable effect=EffectOnRead
  object.entries[].open                  offset=FrameStatic(0x00) size=Fixed(1) align=Aligned(8) repr=MemoryIdentical atomic=AtomicWord
  object.entries[].key                   offset=FrameStatic(0x01) size=Unbounded align=Aligned(1) repr=MemoryIdentical atomic=AtomicWord mutate=Shifting effect=EffectOnRead
  object.entries[].colon                 offset=Scanned size=Fixed(1) align=Unaligned repr=MemoryIdentical atomic=AtomicWord access=Sequential address=Unstable
  object.entries[].held                  offset=Scanned size=Unbounded align=Unaligned repr=MemoryIdentical atomic=NonAtomic access=Sequential mutate=Shifting address=Unstable
  object.entries[].sep                   offset=Scanned size=Fixed(1) align=Unaligned repr=MemoryIdentical atomic=AtomicWord access=Sequential address=Unstable

struct text size=1.. mutate=Shifting effect=EffectOnRead
  text.chars                             offset=AbsoluteStatic(0x00) size=Unbounded align=Aligned(8) repr=MemoryIdentical atomic=AtomicWord mutate=Shifting effect=EffectOnRead

struct value size=2.. access=Sequential mutate=Shifting address=Unstable atomic=NonAtomic effect=EffectOnRead
  value.kind                             offset=AbsoluteStatic(0x00) size=Fixed(1) align=Aligned(8) repr=MemoryIdentical atomic=AtomicWord
  value.body                             offset=AbsoluteStatic(0x01) size=Unbounded align=Aligned(1) repr=MemoryIdentical atomic=NonAtomic mutate=Shifting
  value.body.as_object                   offset=AbsoluteStatic(0x01) size=Unbounded align=Aligned(1) repr=MemoryIdentical atomic=NonAtomic access=Sequential mutate=Shifting address=Unstable effect=EffectOnRead
  value.body.as_object.entries           offset=AbsoluteStatic(0x01) size=Unbounded align=Aligned(1) repr=MemoryIdentical atomic=NonAtomic access=Sequential mutate=Shifting
  value.body.as_object.entries[]         offset=FrameStatic(0x01) size=Unbounded align=Aligned(1) repr=MemoryIdentical atomic=NonAtomic access=Sequential mutate=Shifting address=Unstable effect=EffectOnRead
  value.body.as_object.entries[].open    offset=FrameStatic(0x01) size=Fixed(1) align=Aligned(1) repr=MemoryIdentical atomic=AtomicWord
  value.body.as_object.entries[].key     offset=FrameStatic(0x02) size=Unbounded align=Aligned(2) repr=MemoryIdentical atomic=AtomicWord mutate=Shifting effect=EffectOnRead
  value.body.as_object.entries[].colon   offset=Scanned size=Fixed(1) align=Unaligned repr=MemoryIdentical atomic=AtomicWord access=Sequential address=Unstable
  value.body.as_object.entries[].held    offset=Scanned size=Unbounded align=Unaligned repr=MemoryIdentical atomic=NonAtomic access=Sequential mutate=Shifting address=Unstable
  value.body.as_object.entries[].sep     offset=Scanned size=Fixed(1) align=Unaligned repr=MemoryIdentical atomic=AtomicWord access=Sequential address=Unstable
  value.body.as_array                    offset=AbsoluteStatic(0x01) size=Unbounded align=Aligned(1) repr=MemoryIdentical atomic=NonAtomic access=Sequential mutate=Shifting address=Unstable
  value.body.as_array.entries            offset=AbsoluteStatic(0x01) size=Unbounded align=Aligned(1) repr=MemoryIdentical atomic=NonAtomic access=Sequential mutate=Shifting
  value.body.as_array.entries[]          offset=FrameStatic(0x01) size=Unbounded align=Aligned(1) repr=MemoryIdentical atomic=NonAtomic access=Sequential mutate=Shifting address=Unstable
  value.body.as_array.entries[].held     offset=FrameStatic(0x01) size=Unbounded align=Aligned(1) repr=MemoryIdentical atomic=NonAtomic mutate=Shifting
  value.body.as_array.entries[].sep      offset=Dynamic size=Fixed(1) align=Unaligned repr=MemoryIdentical atomic=AtomicWord address=Unstable
  value.body.as_string                   offset=AbsoluteStatic(0x01) size=Unbounded align=Aligned(1) repr=MemoryIdentical atomic=NonAtomic mutate=Shifting effect=EffectOnRead
  value.body.as_string.chars             offset=AbsoluteStatic(0x01) size=Unbounded align=Aligned(1) repr=MemoryIdentical atomic=AtomicWord mutate=Shifting effect=EffectOnRead
  value.body.as_true                     offset=AbsoluteStatic(0x01) size=Fixed(3) align=Aligned(1) repr=MemoryIdentical atomic=NonAtomic
  value.body.as_true.rest                offset=AbsoluteStatic(0x01) size=Fixed(3) align=Aligned(1) repr=MemoryIdentical atomic=NonAtomic
  value.body.as_false                    offset=AbsoluteStatic(0x01) size=Fixed(4) align=Aligned(1) repr=MemoryIdentical atomic=NonAtomic
  value.body.as_false.rest               offset=AbsoluteStatic(0x01) size=Fixed(4) align=Aligned(1) repr=MemoryIdentical atomic=NonAtomic
  value.body.as_null                     offset=AbsoluteStatic(0x01) size=Fixed(3) align=Aligned(1) repr=MemoryIdentical atomic=NonAtomic
  value.body.as_null.rest                offset=AbsoluteStatic(0x01) size=Fixed(3) align=Aligned(1) repr=MemoryIdentical atomic=NonAtomic
  value.body.as_number                   offset=AbsoluteStatic(0x01) size=Unbounded align=Aligned(1) repr=MemoryIdentical atomic=NonAtomic mutate=Shifting effect=EffectOnRead
  value.body.as_number.rest              offset=AbsoluteStatic(0x01) size=Unbounded align=Aligned(1) repr=MemoryIdentical atomic=AtomicWord mutate=Shifting effect=EffectOnRead

struct yes size=3 atomic=NonAtomic
  yes.rest                               offset=AbsoluteStatic(0x00) size=Fixed(3) align=Aligned(8) repr=MemoryIdentical atomic=NonAtomic
