# situ capability map v1
# schema: udp.situ
# core:   offset size align repr atomic
#
# Core axes are always shown. Any other axis appears only where it has
# been weakened below its strongest value.
#
# Offsets are byte values, or byte:bit where a field does not start on
# a byte boundary. Sizes are bytes unless suffixed with `bit`.

struct udp_header size=8 mutate=Shifting repr=ValueConverted
  udp_header.source_port                 offset=AbsoluteStatic(0x00) size=Fixed(2) align=Aligned(8) repr=ValueConverted atomic=AtomicWord
  udp_header.destination_port            offset=AbsoluteStatic(0x02) size=Fixed(2) align=Aligned(2) repr=ValueConverted atomic=AtomicWord
  udp_header.length                      offset=AbsoluteStatic(0x04) size=Fixed(2) align=Aligned(4) repr=ValueConverted atomic=AtomicWord
  udp_header.checksum                    offset=AbsoluteStatic(0x06) size=Fixed(2) align=Aligned(2) repr=ValueConverted atomic=AtomicWord
  udp_header.payload                     offset=AbsoluteStatic(0x08) size=Bounded(0, 65527) align=Aligned(8) repr=MemoryIdentical atomic=AtomicWord mutate=Shifting
