# situ capability map v1
# schema: sqlite.situ
# core:   offset size align repr atomic
#
# Core axes are always shown. Any other axis appears only where it has
# been weakened below its strongest value.
#
# Offsets are byte values, or byte:bit where a field does not start on
# a byte boundary. Sizes are bytes unless suffixed with `bit`.

struct btree_leaf_page size=8 mutate=Shifting address=FrameStable repr=ValueConverted atomic=NonAtomic
  btree_leaf_page.page_type              offset=AbsoluteStatic(0x00) size=Fixed(1) align=Aligned(8) repr=MemoryIdentical atomic=AtomicWord
  btree_leaf_page.first_freeblock        offset=AbsoluteStatic(0x01) size=Fixed(2) align=Aligned(1) repr=ValueConverted atomic=NonAtomic
  btree_leaf_page.cell_count             offset=AbsoluteStatic(0x03) size=Fixed(2) align=Aligned(1) repr=ValueConverted atomic=NonAtomic
  btree_leaf_page.content_start          offset=AbsoluteStatic(0x05) size=Fixed(2) align=Aligned(1) repr=ValueConverted atomic=NonAtomic
  btree_leaf_page.fragmented_free        offset=AbsoluteStatic(0x07) size=Fixed(1) align=Aligned(1) repr=MemoryIdentical atomic=AtomicWord
  btree_leaf_page.cells                  offset=AbsoluteStatic(0x08) size=Unbounded align=Aligned(8) repr=MemoryIdentical atomic=NonAtomic mutate=Shifting address=FrameStable

struct table_leaf_cell size=2 mutate=Shifting address=Unstable repr=ValueConverted atomic=NonAtomic canonical=NonCanonical
  table_leaf_cell.payload_size           offset=AbsoluteStatic(0x00) size=Bounded(1, 9) align=Unaligned repr=ValueConverted atomic=NonAtomic mutate=InPlaceSlack canonical=NonCanonical
  table_leaf_cell.rowid                  offset=Dynamic size=Bounded(1, 9) align=Unaligned repr=ValueConverted atomic=NonAtomic mutate=InPlaceSlack address=Unstable canonical=NonCanonical
  table_leaf_cell.payload                offset=Dynamic size=Bounded(0, 18446744073709551615) align=Unaligned repr=MemoryIdentical atomic=AtomicWord mutate=Shifting address=Unstable
