# situ capability map v1
# schema: image.situ
# core:   offset size align repr atomic
#
# Core axes are always shown. Any other axis appears only where it has
# been weakened below its strongest value.
#
# Offsets are byte values, or byte:bit where a field does not start on
# a byte boundary. Sizes are bytes unless suffixed with `bit`.

struct image size=40 mutate=Shifting address=Unstable repr=ValueConverted atomic=NonAtomic
  image.head                             offset=AbsoluteStatic(0x00) size=Fixed(40) align=Aligned(8) repr=ValueConverted atomic=NonAtomic
  image.head.magic                       offset=AbsoluteStatic(0x00) size=Fixed(4) align=Aligned(8) repr=MemoryIdentical atomic=NonAtomic
  image.head.format_version              offset=AbsoluteStatic(0x04) size=Fixed(2) align=Aligned(4) repr=ValueConverted atomic=AtomicWord
  image.head.flags                       offset=AbsoluteStatic(0x06) size=Fixed(2) align=Aligned(2) repr=ValueConverted atomic=AtomicWord
  image.head.struct_count                offset=AbsoluteStatic(0x08) size=Fixed(4) align=Aligned(8) repr=ValueConverted atomic=AtomicWord
  image.head.placement_count             offset=AbsoluteStatic(0x0C) size=Fixed(4) align=Aligned(4) repr=ValueConverted atomic=AtomicWord
  image.head.code_bytes                  offset=AbsoluteStatic(0x10) size=Fixed(4) align=Aligned(8) repr=ValueConverted atomic=AtomicWord
  image.head.struct_offset               offset=AbsoluteStatic(0x14) size=Fixed(4) align=Aligned(4) repr=ValueConverted atomic=AtomicWord
  image.head.placement_offset            offset=AbsoluteStatic(0x18) size=Fixed(4) align=Aligned(8) repr=ValueConverted atomic=AtomicWord
  image.head.code_offset                 offset=AbsoluteStatic(0x1C) size=Fixed(4) align=Aligned(4) repr=ValueConverted atomic=AtomicWord
  image.head.metadata_offset             offset=AbsoluteStatic(0x20) size=Fixed(4) align=Aligned(8) repr=ValueConverted atomic=AtomicWord
  image.head.image_bytes                 offset=AbsoluteStatic(0x24) size=Fixed(4) align=Aligned(4) repr=ValueConverted atomic=AtomicWord
  image.structs                          offset=DataPlaced size=Bounded(0, 51539607540) align=Unaligned repr=MemoryIdentical atomic=NonAtomic mutate=Shifting address=Unstable
  image.structs[]                        offset=FrameStatic(0x00) size=Fixed(12) align=Aligned(8) repr=ValueConverted atomic=NonAtomic
  image.structs[].first_placement        offset=FrameStatic(0x00) size=Fixed(4) align=Aligned(8) repr=ValueConverted atomic=AtomicWord
  image.structs[].placement_count        offset=FrameStatic(0x04) size=Fixed(4) align=Aligned(4) repr=ValueConverted atomic=AtomicWord
  image.structs[].size_bits              offset=FrameStatic(0x08) size=Fixed(4) align=Aligned(8) repr=ValueConverted atomic=AtomicWord
  image.placements                       offset=DataPlaced size=Bounded(0, 137438953440) align=Unaligned repr=MemoryIdentical atomic=NonAtomic mutate=Shifting address=Unstable
  image.placements[]                     offset=FrameStatic(0x00) size=Fixed(32) align=Aligned(8) repr=ValueConverted atomic=NonAtomic
  image.placements[].kind                offset=FrameStatic(0x00) size=Fixed(1) align=Aligned(8) repr=MemoryIdentical atomic=AtomicWord
  image.placements[].endian              offset=FrameStatic(0x01) size=Fixed(1) align=Aligned(1) repr=MemoryIdentical atomic=AtomicWord
  image.placements[].bit_order           offset=FrameStatic(0x02) size=Fixed(1) align=Aligned(2) repr=MemoryIdentical atomic=AtomicWord
  image.placements[].flags               offset=FrameStatic(0x03) size=Fixed(1) align=Aligned(1) repr=MemoryIdentical atomic=AtomicWord
  image.placements[].offset_bits         offset=FrameStatic(0x04) size=Fixed(4) align=Aligned(4) repr=ValueConverted atomic=AtomicWord
  image.placements[].size_bits           offset=FrameStatic(0x08) size=Fixed(4) align=Aligned(8) repr=ValueConverted atomic=AtomicWord
  image.placements[].size_max_bits       offset=FrameStatic(0x0C) size=Fixed(4) align=Aligned(4) repr=ValueConverted atomic=AtomicWord
  image.placements[].element_bits        offset=FrameStatic(0x10) size=Fixed(4) align=Aligned(8) repr=ValueConverted atomic=AtomicWord
  image.placements[].array_count         offset=FrameStatic(0x14) size=Fixed(4) align=Aligned(4) repr=ValueConverted atomic=AtomicWord
  image.placements[].size_code           offset=FrameStatic(0x18) size=Fixed(4) align=Aligned(8) repr=ValueConverted atomic=AtomicWord
  image.placements[].type_struct         offset=FrameStatic(0x1C) size=Fixed(4) align=Aligned(4) repr=ValueConverted atomic=AtomicWord
  image.code                             offset=DataPlaced size=Bounded(0, 4294967295) align=Unaligned repr=MemoryIdentical atomic=AtomicWord mutate=Shifting address=Unstable

struct image_header size=40 repr=ValueConverted atomic=NonAtomic
  image_header.magic                     offset=AbsoluteStatic(0x00) size=Fixed(4) align=Aligned(8) repr=MemoryIdentical atomic=NonAtomic
  image_header.format_version            offset=AbsoluteStatic(0x04) size=Fixed(2) align=Aligned(4) repr=ValueConverted atomic=AtomicWord
  image_header.flags                     offset=AbsoluteStatic(0x06) size=Fixed(2) align=Aligned(2) repr=ValueConverted atomic=AtomicWord
  image_header.struct_count              offset=AbsoluteStatic(0x08) size=Fixed(4) align=Aligned(8) repr=ValueConverted atomic=AtomicWord
  image_header.placement_count           offset=AbsoluteStatic(0x0C) size=Fixed(4) align=Aligned(4) repr=ValueConverted atomic=AtomicWord
  image_header.code_bytes                offset=AbsoluteStatic(0x10) size=Fixed(4) align=Aligned(8) repr=ValueConverted atomic=AtomicWord
  image_header.struct_offset             offset=AbsoluteStatic(0x14) size=Fixed(4) align=Aligned(4) repr=ValueConverted atomic=AtomicWord
  image_header.placement_offset          offset=AbsoluteStatic(0x18) size=Fixed(4) align=Aligned(8) repr=ValueConverted atomic=AtomicWord
  image_header.code_offset               offset=AbsoluteStatic(0x1C) size=Fixed(4) align=Aligned(4) repr=ValueConverted atomic=AtomicWord
  image_header.metadata_offset           offset=AbsoluteStatic(0x20) size=Fixed(4) align=Aligned(8) repr=ValueConverted atomic=AtomicWord
  image_header.image_bytes               offset=AbsoluteStatic(0x24) size=Fixed(4) align=Aligned(4) repr=ValueConverted atomic=AtomicWord

struct image_placement size=32 repr=ValueConverted
  image_placement.kind                   offset=AbsoluteStatic(0x00) size=Fixed(1) align=Aligned(8) repr=MemoryIdentical atomic=AtomicWord
  image_placement.endian                 offset=AbsoluteStatic(0x01) size=Fixed(1) align=Aligned(1) repr=MemoryIdentical atomic=AtomicWord
  image_placement.bit_order              offset=AbsoluteStatic(0x02) size=Fixed(1) align=Aligned(2) repr=MemoryIdentical atomic=AtomicWord
  image_placement.flags                  offset=AbsoluteStatic(0x03) size=Fixed(1) align=Aligned(1) repr=MemoryIdentical atomic=AtomicWord
  image_placement.offset_bits            offset=AbsoluteStatic(0x04) size=Fixed(4) align=Aligned(4) repr=ValueConverted atomic=AtomicWord
  image_placement.size_bits              offset=AbsoluteStatic(0x08) size=Fixed(4) align=Aligned(8) repr=ValueConverted atomic=AtomicWord
  image_placement.size_max_bits          offset=AbsoluteStatic(0x0C) size=Fixed(4) align=Aligned(4) repr=ValueConverted atomic=AtomicWord
  image_placement.element_bits           offset=AbsoluteStatic(0x10) size=Fixed(4) align=Aligned(8) repr=ValueConverted atomic=AtomicWord
  image_placement.array_count            offset=AbsoluteStatic(0x14) size=Fixed(4) align=Aligned(4) repr=ValueConverted atomic=AtomicWord
  image_placement.size_code              offset=AbsoluteStatic(0x18) size=Fixed(4) align=Aligned(8) repr=ValueConverted atomic=AtomicWord
  image_placement.type_struct            offset=AbsoluteStatic(0x1C) size=Fixed(4) align=Aligned(4) repr=ValueConverted atomic=AtomicWord

struct image_struct size=12 repr=ValueConverted
  image_struct.first_placement           offset=AbsoluteStatic(0x00) size=Fixed(4) align=Aligned(8) repr=ValueConverted atomic=AtomicWord
  image_struct.placement_count           offset=AbsoluteStatic(0x04) size=Fixed(4) align=Aligned(4) repr=ValueConverted atomic=AtomicWord
  image_struct.size_bits                 offset=AbsoluteStatic(0x08) size=Fixed(4) align=Aligned(8) repr=ValueConverted atomic=AtomicWord
