# situ capability map v1
# schema: rtc.situ
# core:   offset size align repr atomic
#
# Core axes are always shown. Any other axis appears only where it has
# been weakened below its strongest value.
#
# Offsets are byte values, or byte:bit where a field does not start on
# a byte boundary. Sizes are bytes unless suffixed with `bit`.

struct calibration size=6 repr=ValueConverted atomic=NonAtomic
  calibration.trim_ppm                   offset=AbsoluteStatic(0x00) size=Fixed(2) align=Aligned(8) repr=ValueConverted atomic=AtomicWord
  calibration.reference_hz               offset=AbsoluteStatic(0x02) size=Fixed(4) align=Aligned(2) repr=ValueConverted atomic=NonAtomic

struct rtc_frame size=15 repr=ValueConverted atomic=NonAtomic
  rtc_frame.version                      offset=AbsoluteStatic(0x00) size=Fixed(1) align=Aligned(8) repr=MemoryIdentical atomic=AtomicWord
  rtc_frame.clock                        offset=AbsoluteStatic(0x01) size=Fixed(6) align=Aligned(1) repr=ValueConverted atomic=NonAtomic
  rtc_frame.clock.seconds                offset=AbsoluteStatic(0x01) size=Fixed(1) align=Aligned(1) repr=ValueConverted atomic=AtomicWord
  rtc_frame.clock.minutes                offset=AbsoluteStatic(0x02) size=Fixed(1) align=Aligned(2) repr=ValueConverted atomic=AtomicWord
  rtc_frame.clock.hours                  offset=AbsoluteStatic(0x03) size=Fixed(1) align=Aligned(1) repr=ValueConverted atomic=AtomicWord
  rtc_frame.clock.day                    offset=AbsoluteStatic(0x04) size=Fixed(1) align=Aligned(4) repr=ValueConverted atomic=AtomicWord
  rtc_frame.clock.month                  offset=AbsoluteStatic(0x05) size=Fixed(1) align=Aligned(1) repr=ValueConverted atomic=AtomicWord
  rtc_frame.clock.year                   offset=AbsoluteStatic(0x06) size=Fixed(1) align=Aligned(2) repr=ValueConverted atomic=AtomicWord
  rtc_frame.cal                          offset=AbsoluteStatic(0x07) size=Fixed(6) align=Aligned(1) repr=ValueConverted atomic=NonAtomic
  rtc_frame.cal.trim_ppm                 offset=AbsoluteStatic(0x07) size=Fixed(2) align=Aligned(1) repr=ValueConverted atomic=NonAtomic
  rtc_frame.cal.reference_hz             offset=AbsoluteStatic(0x09) size=Fixed(4) align=Aligned(1) repr=ValueConverted atomic=NonAtomic
  rtc_frame.checksum                     offset=AbsoluteStatic(0x0D) size=Fixed(2) align=Aligned(1) repr=ValueConverted atomic=NonAtomic

struct wall_clock size=6 repr=ValueConverted
  wall_clock.seconds                     offset=AbsoluteStatic(0x00) size=Fixed(1) align=Aligned(8) repr=ValueConverted atomic=AtomicWord
  wall_clock.minutes                     offset=AbsoluteStatic(0x01) size=Fixed(1) align=Aligned(1) repr=ValueConverted atomic=AtomicWord
  wall_clock.hours                       offset=AbsoluteStatic(0x02) size=Fixed(1) align=Aligned(2) repr=ValueConverted atomic=AtomicWord
  wall_clock.day                         offset=AbsoluteStatic(0x03) size=Fixed(1) align=Aligned(1) repr=ValueConverted atomic=AtomicWord
  wall_clock.month                       offset=AbsoluteStatic(0x04) size=Fixed(1) align=Aligned(4) repr=ValueConverted atomic=AtomicWord
  wall_clock.year                        offset=AbsoluteStatic(0x05) size=Fixed(1) align=Aligned(1) repr=ValueConverted atomic=AtomicWord
