# situ capability map v1
# schema: tcp.situ
# core:   offset size align repr atomic
#
# Core axes are always shown. Any other axis appears only where it has
# been weakened below its strongest value.
#
# Offsets are byte values, or byte:bit where a field does not start on
# a byte boundary. Sizes are bytes unless suffixed with `bit`.

struct TcpHeader size=20 repr=ValueConverted atomic=NonAtomic
  TcpHeader.source_port                  offset=AbsoluteStatic(0x00) size=Fixed(2) align=Aligned(8) repr=ValueConverted atomic=AtomicWord
  TcpHeader.destination_port             offset=AbsoluteStatic(0x02) size=Fixed(2) align=Aligned(2) repr=ValueConverted atomic=AtomicWord
  TcpHeader.sequence                     offset=AbsoluteStatic(0x04) size=Fixed(4) align=Aligned(4) repr=ValueConverted atomic=AtomicWord
  TcpHeader.acknowledgement              offset=AbsoluteStatic(0x08) size=Fixed(4) align=Aligned(8) repr=ValueConverted atomic=AtomicWord
  TcpHeader.data_offset                  offset=AbsoluteStatic(0x0C) size=Fixed(4bit) align=Unaligned repr=ValueConverted atomic=NonAtomic
  TcpHeader.<reserved0>                  offset=AbsoluteStatic(0x0C:4) size=Fixed(4bit) align=Unaligned repr=ValueConverted atomic=NonAtomic
  TcpHeader.cwr                          offset=AbsoluteStatic(0x0D) size=Fixed(1bit) align=Unaligned repr=ValueConverted atomic=NonAtomic
  TcpHeader.ece                          offset=AbsoluteStatic(0x0D:1) size=Fixed(1bit) align=Unaligned repr=ValueConverted atomic=NonAtomic
  TcpHeader.urgent                       offset=AbsoluteStatic(0x0D:2) size=Fixed(1bit) align=Unaligned repr=ValueConverted atomic=NonAtomic
  TcpHeader.ack                          offset=AbsoluteStatic(0x0D:3) size=Fixed(1bit) align=Unaligned repr=ValueConverted atomic=NonAtomic
  TcpHeader.push                         offset=AbsoluteStatic(0x0D:4) size=Fixed(1bit) align=Unaligned repr=ValueConverted atomic=NonAtomic
  TcpHeader.reset                        offset=AbsoluteStatic(0x0D:5) size=Fixed(1bit) align=Unaligned repr=ValueConverted atomic=NonAtomic
  TcpHeader.syn                          offset=AbsoluteStatic(0x0D:6) size=Fixed(1bit) align=Unaligned repr=ValueConverted atomic=NonAtomic
  TcpHeader.fin                          offset=AbsoluteStatic(0x0D:7) size=Fixed(1bit) align=Unaligned repr=ValueConverted atomic=NonAtomic
  TcpHeader.window                       offset=AbsoluteStatic(0x0E) size=Fixed(2) align=Aligned(2) repr=ValueConverted atomic=AtomicWord
  TcpHeader.checksum                     offset=AbsoluteStatic(0x10) size=Fixed(2) align=Aligned(8) repr=ValueConverted atomic=AtomicWord
  TcpHeader.urgent_pointer               offset=AbsoluteStatic(0x12) size=Fixed(2) align=Aligned(2) repr=ValueConverted atomic=AtomicWord
