# situ capability map v1
# schema: edges.situ
# core:   offset size align repr atomic
#
# Core axes are always shown. Any other axis appears only where it has
# been weakened below its strongest value.
#
# Offsets are byte values, or byte:bit where a field does not start on
# a byte boundary. Sizes are bytes unless suffixed with `bit`.

# codecs. `trusted` means the properties are declared and
# unverified: run `situc gen-codec-tests` to falsify a lying one.
codec doubling trusted expansion=ratio_exact(2,1) seekable=linear granularity=byte invertible deterministic
codec masking trusted length_preserving seekable=linear granularity=byte invertible deterministic
codec scramble derived length_preserving seekable=linear granularity=bit(1) invertible deterministic
codec sealing_aead trusted length_preserving seekable=linear granularity=stream authenticated invertible deterministic

struct arithmetic size=14 mutate=Shifting address=Unstable repr=ValueConverted atomic=NonAtomic
  arithmetic.units                       offset=AbsoluteStatic(0x00) size=Fixed(1) align=Aligned(8) repr=MemoryIdentical atomic=AtomicWord
  arithmetic.halved                      offset=AbsoluteStatic(0x01) size=Bounded(1, 3) align=Aligned(1) repr=MemoryIdentical atomic=AtomicWord mutate=Shifting
  arithmetic.modulo                      offset=Dynamic size=Bounded(1, 3) align=Unaligned repr=MemoryIdentical atomic=AtomicWord mutate=Shifting address=Unstable
  arithmetic.shifted                     offset=Dynamic size=Bounded(2, 8) align=Unaligned repr=MemoryIdentical atomic=AtomicWord mutate=Shifting address=Unstable
  arithmetic.dropped                     offset=Dynamic size=Bounded(1, 3) align=Unaligned repr=MemoryIdentical atomic=AtomicWord mutate=Shifting address=Unstable
  arithmetic.masked                      offset=Dynamic size=Bounded(1, 4) align=Unaligned repr=MemoryIdentical atomic=AtomicWord mutate=Shifting address=Unstable
  arithmetic.flipped                     offset=Dynamic size=Bounded(1, 8) align=Unaligned repr=MemoryIdentical atomic=AtomicWord mutate=Shifting address=Unstable
  arithmetic.clamped                     offset=Dynamic size=Bounded(1, 3) align=Unaligned repr=MemoryIdentical atomic=AtomicWord mutate=Shifting address=Unstable
  arithmetic.raised                      offset=Dynamic size=Bounded(2, 4) align=Unaligned repr=MemoryIdentical atomic=AtomicWord mutate=Shifting address=Unstable
  arithmetic.padded                      offset=Dynamic size=Bounded(1, 4) align=Unaligned repr=MemoryIdentical atomic=AtomicWord mutate=Shifting address=Unstable
  arithmetic.tail                        offset=Dynamic size=Fixed(2) align=Unaligned repr=ValueConverted atomic=NonAtomic address=Unstable

struct arm_run size=2 mutate=Shifting repr=ValueConverted atomic=NonAtomic
  arm_run.which                          offset=AbsoluteStatic(0x00) size=Fixed(1) align=Aligned(8) repr=MemoryIdentical atomic=AtomicWord
  arm_run.n                              offset=AbsoluteStatic(0x01) size=Fixed(1) align=Aligned(1) repr=MemoryIdentical atomic=AtomicWord
  arm_run.body                           offset=AbsoluteStatic(0x02) size=Bounded(0, 6) align=Aligned(2) repr=MemoryIdentical atomic=NonAtomic mutate=Shifting
  arm_run.body.wide                      offset=AbsoluteStatic(0x02) size=Bounded(0, 6) align=Aligned(2) repr=ValueConverted atomic=AtomicWord mutate=Shifting
  arm_run.body.pinned                    offset=AbsoluteStatic(0x02) size=Fixed(6) align=Aligned(2) repr=ValueConverted atomic=NonAtomic
  arm_run.body.raw                       offset=AbsoluteStatic(0x02) size=Bounded(0, 3) align=Aligned(2) repr=MemoryIdentical atomic=AtomicWord mutate=Shifting

struct beacon size=3 repr=ValueConverted
  beacon.seq                             offset=AbsoluteStatic(0x00) size=Fixed(2) align=Aligned(8) repr=ValueConverted atomic=AtomicWord
  beacon.flags                           offset=AbsoluteStatic(0x02) size=Fixed(1) align=Aligned(2) repr=MemoryIdentical atomic=AtomicWord

struct beat size=2
  beat.kind                              offset=AbsoluteStatic(0x00) size=Fixed(1) align=Aligned(8) repr=MemoryIdentical atomic=AtomicWord
  beat.payload                           offset=AbsoluteStatic(0x01) size=Fixed(1) align=Aligned(1) repr=MemoryIdentical atomic=AtomicWord

struct beats size=4 access=Sequential mutate=Shifting address=Unstable repr=ValueConverted atomic=NonAtomic
  beats.pulse                            offset=AbsoluteStatic(0x00) size=Bounded(2, 12) align=Aligned(8) repr=MemoryIdentical atomic=NonAtomic access=Sequential mutate=Shifting
  beats.pulse[]                          offset=FrameStatic(0x00) size=Fixed(2) align=Aligned(8) repr=MemoryIdentical atomic=NonAtomic
  beats.pulse[].kind                     offset=FrameStatic(0x00) size=Fixed(1) align=Aligned(8) repr=MemoryIdentical atomic=AtomicWord
  beats.pulse[].payload                  offset=FrameStatic(0x01) size=Fixed(1) align=Aligned(1) repr=MemoryIdentical atomic=AtomicWord
  beats.after                            offset=Dynamic size=Fixed(2) align=Unaligned repr=ValueConverted atomic=NonAtomic address=Unstable

struct coded_run size=2 access=Sequential mutate=Shifting address=Unstable atomic=NonAtomic stage=TransformTime
  coded_run.n                            offset=AbsoluteStatic(0x00) size=Fixed(1) align=Aligned(8) repr=MemoryIdentical atomic=AtomicWord
  coded_run.body                         offset=AbsoluteStatic(0x01) size=Bounded(0, 510) align=Aligned(1) repr=MemoryIdentical atomic=NonAtomic mutate=Shifting
  coded_run.body.content                 offset=AbsoluteStatic(0x01) size=Bounded(0, 255) align=Aligned(1) repr=MemoryIdentical atomic=AtomicWord access=Sequential mutate=Shifting stage=TransformTime
  coded_run.trailer                      offset=Dynamic size=Fixed(1) align=Unaligned repr=MemoryIdentical atomic=AtomicWord address=Unstable

struct constrained size=1 repr=ValueConverted atomic=NonAtomic stage=ParseTime
  constrained.rev                        offset=AbsoluteStatic(0x00) size=Fixed(1) align=Aligned(8) repr=MemoryIdentical atomic=AtomicWord
  constrained.magic                      offset=AbsoluteStatic(0x01) size=Fixed(2) align=Aligned(1) repr=ValueConverted atomic=NonAtomic stage=ParseTime
  constrained.how                        offset=AbsoluteStatic(0x03) size=Fixed(1) align=Aligned(1) repr=MemoryIdentical atomic=AtomicWord stage=ParseTime
  constrained.pad                        offset=AbsoluteStatic(0x04) size=Fixed(1) align=Aligned(4) repr=MemoryIdentical atomic=AtomicWord stage=ParseTime

struct covered_tail size=8 mutate=Immutable address=Unstable repr=ValueConverted atomic=NonAtomic auth=Covered(mac)
  covered_tail.n                         offset=AbsoluteStatic(0x00) size=Fixed(1) align=Aligned(8) repr=MemoryIdentical atomic=AtomicWord
  covered_tail.pad                       offset=AbsoluteStatic(0x01) size=Bounded(0, 4) align=Aligned(1) repr=MemoryIdentical atomic=AtomicWord mutate=Shifting
  covered_tail.body                      offset=Dynamic size=Fixed(3) align=Unaligned repr=MemoryIdentical atomic=NonAtomic address=Unstable auth=Covered(mac)
  covered_tail.head                      offset=Dynamic size=Fixed(3) align=Unaligned repr=ValueConverted atomic=NonAtomic address=Unstable auth=Covered(mac)
  covered_tail.head.seq                  offset=FrameStatic(0x00) size=Fixed(2) align=Aligned(8) repr=ValueConverted atomic=AtomicWord address=FrameStable auth=Covered(mac)
  covered_tail.head.flags                offset=FrameStatic(0x02) size=Fixed(1) align=Aligned(2) repr=MemoryIdentical atomic=AtomicWord address=FrameStable auth=Covered(mac)
  covered_tail.mac                       offset=Dynamic size=Fixed(4) align=Unaligned repr=MemoryIdentical atomic=NonAtomic mutate=Immutable address=Unstable

struct derived size=13 mutate=Immutable repr=ValueConverted atomic=NonAtomic auth=Covered(invariant total, tag)
  derived.total                          offset=AbsoluteStatic(0x00) size=Fixed(2) align=Aligned(8) repr=ValueConverted atomic=AtomicWord mutate=Immutable
  derived.a                              offset=AbsoluteStatic(0x02) size=Fixed(1) align=Aligned(2) repr=MemoryIdentical atomic=AtomicWord auth=Covered(invariant total)
  derived.b                              offset=AbsoluteStatic(0x03) size=Fixed(4) align=Aligned(1) repr=ValueConverted atomic=NonAtomic auth=Covered(invariant total)
  derived.body                           offset=AbsoluteStatic(0x07) size=Fixed(2) align=Aligned(1) repr=MemoryIdentical atomic=NonAtomic auth=Covered(tag)
  derived.sequence                       offset=AbsoluteStatic(0x07) size=Fixed(2) align=Aligned(1) repr=ValueConverted atomic=NonAtomic auth=Covered(tag)
  derived.tag                            offset=AbsoluteStatic(0x09) size=Fixed(4) align=Aligned(1) repr=MemoryIdentical atomic=NonAtomic mutate=Immutable

struct edges size=19 repr=ValueConverted atomic=NonAtomic
  edges.trim                             offset=AbsoluteStatic(0x00) size=Fixed(5bit) align=Unaligned repr=ValueConverted atomic=NonAtomic
  edges.scale                            offset=AbsoluteStatic(0x00:5) size=Fixed(3bit) align=Unaligned repr=ValueConverted atomic=NonAtomic
  edges.offset                           offset=AbsoluteStatic(0x01) size=Fixed(12bit) align=Unaligned repr=ValueConverted atomic=NonAtomic
  edges.channel                          offset=AbsoluteStatic(0x02:4) size=Fixed(4bit) align=Unaligned repr=ValueConverted atomic=NonAtomic
  edges.samples                          offset=AbsoluteStatic(0x03) size=Fixed(8) align=Aligned(1) repr=ValueConverted atomic=NonAtomic
  edges.deltas                           offset=AbsoluteStatic(0x0B) size=Fixed(8) align=Aligned(1) repr=ValueConverted atomic=NonAtomic

struct equalized size=11 repr=ValueConverted atomic=NonAtomic
  equalized.which                        offset=AbsoluteStatic(0x00) size=Fixed(1) align=Aligned(8) repr=MemoryIdentical atomic=AtomicWord
  equalized.body                         offset=AbsoluteStatic(0x01) size=Fixed(8) align=Aligned(1) repr=MemoryIdentical atomic=NonAtomic
  equalized.body.tiny                    offset=AbsoluteStatic(0x01) size=Fixed(2) align=Aligned(1) repr=MemoryIdentical atomic=NonAtomic
  equalized.body.big                     offset=AbsoluteStatic(0x01) size=Fixed(8) align=Aligned(1) repr=MemoryIdentical atomic=NonAtomic
  equalized.tail                         offset=AbsoluteStatic(0x09) size=Fixed(2) align=Aligned(1) repr=ValueConverted atomic=NonAtomic

struct escaped_run size=1 access=Sequential mutate=Shifting address=Unstable canonical=NonCanonical
  escaped_run.field                      offset=AbsoluteStatic(0x00) size=Bounded(1, 64) align=Aligned(8) repr=MemoryIdentical atomic=AtomicWord mutate=Shifting canonical=NonCanonical
  escaped_run.rest                       offset=Scanned size=Unbounded align=Unaligned repr=MemoryIdentical atomic=AtomicWord access=Sequential mutate=Shifting address=Unstable

struct framed size=9 access=Sequential mutate=Shifting address=Unstable repr=ValueConverted atomic=NonAtomic effect=EffectOnRead
  framed.magic                           offset=AbsoluteStatic(0x00) size=Fixed(4) align=Aligned(8) repr=MemoryIdentical atomic=NonAtomic
  framed.version                         offset=AbsoluteStatic(0x04) size=Bounded(2, 16) align=Aligned(4) repr=MemoryIdentical atomic=AtomicWord mutate=Shifting
  framed.label                           offset=Scanned size=Unbounded align=Unaligned repr=MemoryIdentical atomic=AtomicWord access=Sequential mutate=Shifting address=Unstable effect=EffectOnRead
  framed.count                           offset=Scanned size=Fixed(2) align=Unaligned repr=ValueConverted atomic=NonAtomic access=Sequential address=Unstable

struct framed_tail size=6 mutate=Shifting address=Unstable repr=ValueConverted atomic=NonAtomic
  framed_tail.n                          offset=AbsoluteStatic(0x00) size=Fixed(1) align=Aligned(8) repr=MemoryIdentical atomic=AtomicWord
  framed_tail.pad                        offset=AbsoluteStatic(0x01) size=Bounded(0, 4) align=Aligned(1) repr=MemoryIdentical atomic=AtomicWord mutate=Shifting
  framed_tail.head                       offset=Dynamic size=Fixed(3) align=Unaligned repr=ValueConverted atomic=NonAtomic address=Unstable
  framed_tail.head.seq                   offset=FrameStatic(0x00) size=Fixed(2) align=Aligned(8) repr=ValueConverted atomic=AtomicWord address=FrameStable
  framed_tail.head.flags                 offset=FrameStatic(0x02) size=Fixed(1) align=Aligned(2) repr=MemoryIdentical atomic=AtomicWord address=FrameStable
  framed_tail.tail                       offset=Dynamic size=Fixed(2) align=Unaligned repr=ValueConverted atomic=NonAtomic address=Unstable

struct hp_packet size=6 repr=ValueConverted atomic=NonAtomic
  hp_packet.first                        offset=AbsoluteStatic(0x00) size=Fixed(1) align=Aligned(8) repr=MemoryIdentical atomic=AtomicWord
  hp_packet.pn                           offset=AbsoluteStatic(0x01) size=Fixed(1) align=Aligned(1) repr=MemoryIdentical atomic=NonAtomic
  hp_packet.pn.number                    offset=AbsoluteStatic(0x01) size=Fixed(1) align=Aligned(1) repr=MemoryIdentical atomic=AtomicWord
  hp_packet.rest                         offset=AbsoluteStatic(0x02) size=Fixed(4) align=Aligned(2) repr=ValueConverted atomic=NonAtomic

struct hp_split size=10 repr=ValueConverted atomic=NonAtomic
  hp_split.first                         offset=AbsoluteStatic(0x00) size=Fixed(1) align=Aligned(8) repr=MemoryIdentical atomic=AtomicWord
  hp_split.cid                           offset=AbsoluteStatic(0x01) size=Fixed(4) align=Aligned(1) repr=ValueConverted atomic=NonAtomic
  hp_split.pn                            offset=AbsoluteStatic(0x05) size=Fixed(1) align=Aligned(1) repr=MemoryIdentical atomic=NonAtomic
  hp_split.pn.number                     offset=AbsoluteStatic(0x05) size=Fixed(1) align=Aligned(1) repr=MemoryIdentical atomic=AtomicWord
  hp_split.rest                          offset=AbsoluteStatic(0x06) size=Fixed(4) align=Aligned(2) repr=ValueConverted atomic=NonAtomic

struct keywords size=10 repr=ValueConverted
  keywords.int                           offset=AbsoluteStatic(0x00) size=Fixed(4) align=Aligned(8) repr=ValueConverted atomic=AtomicWord
  keywords.short                         offset=AbsoluteStatic(0x04) size=Fixed(2) align=Aligned(4) repr=ValueConverted atomic=AtomicWord
  keywords.class                         offset=AbsoluteStatic(0x06) size=Fixed(1) align=Aligned(2) repr=MemoryIdentical atomic=AtomicWord
  keywords.type                          offset=AbsoluteStatic(0x07) size=Fixed(1) align=Aligned(1) repr=MemoryIdentical atomic=AtomicWord
  keywords.match                         offset=AbsoluteStatic(0x08) size=Fixed(1) align=Aligned(8) repr=MemoryIdentical atomic=AtomicWord
  keywords.lambda                        offset=AbsoluteStatic(0x09) size=Fixed(1) align=Aligned(1) repr=MemoryIdentical atomic=AtomicWord

struct kv size=4 access=Sequential mutate=Shifting address=Unstable effect=EffectOnRead
  kv.key                                 offset=AbsoluteStatic(0x00) size=Unbounded align=Aligned(8) repr=MemoryIdentical atomic=AtomicWord mutate=Shifting effect=EffectOnRead
  kv.value                               offset=Scanned size=Unbounded align=Unaligned repr=MemoryIdentical atomic=AtomicWord access=Sequential mutate=Shifting address=Unstable effect=EffectOnRead

struct kv_block size=2 access=Sequential mutate=Shifting address=Unstable atomic=NonAtomic effect=EffectOnRead
  kv_block.entries                       offset=AbsoluteStatic(0x00) size=Unbounded align=Aligned(8) repr=MemoryIdentical atomic=NonAtomic mutate=Shifting effect=EffectOnRead
  kv_block.entries[]                     offset=FrameStatic(0x00) size=Unbounded align=Aligned(8) repr=MemoryIdentical atomic=NonAtomic access=Sequential mutate=Shifting address=Unstable effect=EffectOnRead
  kv_block.entries[].key                 offset=FrameStatic(0x00) size=Unbounded align=Aligned(8) repr=MemoryIdentical atomic=AtomicWord mutate=Shifting effect=EffectOnRead
  kv_block.entries[].value               offset=Scanned size=Unbounded align=Unaligned repr=MemoryIdentical atomic=AtomicWord access=Sequential mutate=Shifting address=Unstable effect=EffectOnRead
  kv_block.payload                       offset=Scanned size=Unbounded align=Unaligned repr=MemoryIdentical atomic=AtomicWord access=Sequential mutate=Shifting address=Unstable

struct labelled size=22 repr=ValueConverted atomic=NonAtomic canonical=NonCanonical
  labelled.name                          offset=AbsoluteStatic(0x00) size=Fixed(16) align=Aligned(8) repr=MemoryIdentical atomic=NonAtomic canonical=NonCanonical
  labelled.code                          offset=AbsoluteStatic(0x10) size=Fixed(4) align=Aligned(8) repr=MemoryIdentical atomic=NonAtomic
  labelled.sequence                      offset=AbsoluteStatic(0x14) size=Fixed(2) align=Aligned(4) repr=ValueConverted atomic=AtomicWord

struct link size=4 mutate=Shifting
  link.kind                              offset=AbsoluteStatic(0x00) size=Fixed(1) align=Aligned(8) repr=MemoryIdentical atomic=AtomicWord
  link.units                             offset=AbsoluteStatic(0x01) size=Fixed(1) align=Aligned(1) repr=MemoryIdentical atomic=AtomicWord
  link.body                              offset=AbsoluteStatic(0x02) size=Bounded(2, 1022) align=Aligned(2) repr=MemoryIdentical atomic=AtomicWord mutate=Shifting

struct linked size=4 access=Sequential mutate=Shifting address=Unstable atomic=NonAtomic
  linked.chain                           offset=AbsoluteStatic(0x00) size=Bounded(4, 6144) align=Aligned(8) repr=MemoryIdentical atomic=NonAtomic access=Sequential mutate=Shifting
  linked.chain[]                         offset=FrameStatic(0x00) size=Bounded(4, 1024) align=Aligned(8) repr=MemoryIdentical atomic=NonAtomic access=Sequential mutate=Shifting
  linked.chain[].kind                    offset=FrameStatic(0x00) size=Fixed(1) align=Aligned(8) repr=MemoryIdentical atomic=AtomicWord
  linked.chain[].units                   offset=FrameStatic(0x01) size=Fixed(1) align=Aligned(1) repr=MemoryIdentical atomic=AtomicWord
  linked.chain[].body                    offset=FrameStatic(0x02) size=Bounded(2, 1022) align=Aligned(2) repr=MemoryIdentical atomic=AtomicWord mutate=Shifting
  linked.tail                            offset=Dynamic size=Unbounded align=Unaligned repr=MemoryIdentical atomic=AtomicWord mutate=Shifting address=Unstable

struct marked size=5 mutate=Shifting address=Unstable repr=ConditionallyConverted(edge_order) atomic=NonAtomic canonical=CanonicalGiven(edge_order)
  marked.edge_order                      offset=AbsoluteStatic(0x00) size=Fixed(2) align=Aligned(8) repr=MemoryIdentical atomic=AtomicWord
  marked.n                               offset=AbsoluteStatic(0x02) size=Fixed(1) align=Aligned(2) repr=MemoryIdentical atomic=AtomicWord
  marked.pad                             offset=AbsoluteStatic(0x03) size=Bounded(0, 4) align=Aligned(1) repr=MemoryIdentical atomic=AtomicWord mutate=Shifting
  marked.after                           offset=Dynamic size=Fixed(2) align=Unaligned repr=ConditionallyConverted(edge_order) atomic=NonAtomic address=Unstable canonical=CanonicalGiven(edge_order)
  marked.samples                         offset=Dynamic size=Bounded(0, 8) align=Unaligned repr=ConditionallyConverted(edge_order) atomic=NonAtomic mutate=Shifting address=Unstable canonical=CanonicalGiven(edge_order)

struct messy size=3 access=Sequential mutate=Shifting address=Unstable canonical=NonCanonical effect=EffectOnRead
  messy.name                             offset=AbsoluteStatic(0x00) size=Unbounded align=Aligned(8) repr=MemoryIdentical atomic=AtomicWord mutate=Shifting canonical=NonCanonical effect=EffectOnRead
  messy.value                            offset=Scanned size=Unbounded align=Unaligned repr=MemoryIdentical atomic=AtomicWord access=Sequential mutate=Shifting address=Unstable canonical=NonCanonical effect=EffectOnRead

struct packed_driver size=3 mutate=Shifting address=Unstable repr=ValueConverted atomic=NonAtomic
  packed_driver.hi                       offset=AbsoluteStatic(0x00) size=Fixed(4bit) align=Unaligned repr=ValueConverted atomic=NonAtomic
  packed_driver.n                        offset=AbsoluteStatic(0x00:4) size=Fixed(4bit) align=Unaligned repr=ValueConverted atomic=NonAtomic
  packed_driver.d                        offset=AbsoluteStatic(0x01) size=Bounded(0, 60) align=Aligned(1) repr=ValueConverted atomic=NonAtomic mutate=Shifting
  packed_driver.tail                     offset=Dynamic size=Fixed(2) align=Unaligned repr=ValueConverted atomic=NonAtomic address=Unstable

struct pinned size=19 repr=ValueConverted atomic=NonAtomic
  pinned.used                            offset=AbsoluteStatic(0x00) size=Fixed(1) align=Aligned(8) repr=MemoryIdentical atomic=AtomicWord
  pinned.body                            offset=AbsoluteStatic(0x01) size=Fixed(16) align=Aligned(1) repr=MemoryIdentical atomic=AtomicWord
  pinned.trailer                         offset=AbsoluteStatic(0x11) size=Fixed(2) align=Aligned(1) repr=ValueConverted atomic=NonAtomic

struct placed size=7 repr=ValueConverted atomic=NonAtomic
  placed.first                           offset=AbsoluteStatic(0x00) size=Fixed(2) align=Aligned(8) repr=ValueConverted atomic=AtomicWord
  placed.second                          offset=AbsoluteStatic(0x02) size=Fixed(4) align=Aligned(2) repr=ValueConverted atomic=NonAtomic
  placed.after                           offset=AbsoluteStatic(0x06) size=Fixed(1) align=Aligned(2) repr=MemoryIdentical atomic=AtomicWord

struct quoted_row size=1 access=Sequential mutate=Shifting address=Unstable canonical=NonCanonical effect=EffectOnRead
  quoted_row.field                       offset=AbsoluteStatic(0x00) size=Unbounded align=Aligned(8) repr=MemoryIdentical atomic=AtomicWord mutate=Shifting canonical=NonCanonical effect=EffectOnRead
  quoted_row.rest                        offset=Scanned size=Unbounded align=Unaligned repr=MemoryIdentical atomic=AtomicWord access=Sequential mutate=Shifting address=Unstable

struct ranged_code size=1 access=Sequential mutate=Shifting address=Unstable repr=TextConverted canonical=NonCanonical
  ranged_code.code                       offset=AbsoluteStatic(0x00) size=Bounded(1, 4) align=Aligned(8) repr=TextConverted atomic=AtomicWord mutate=Shifting canonical=NonCanonical
  ranged_code.rest                       offset=Scanned size=Unbounded align=Unaligned repr=MemoryIdentical atomic=AtomicWord access=Sequential mutate=Shifting address=Unstable

struct scrambled size=7 repr=ValueConverted atomic=NonAtomic
  scrambled.head                         offset=AbsoluteStatic(0x00) size=Fixed(1) align=Aligned(8) repr=MemoryIdentical atomic=AtomicWord
  scrambled.body                         offset=AbsoluteStatic(0x01) size=Fixed(4) align=Aligned(1) repr=MemoryIdentical atomic=NonAtomic
  scrambled.body.payload                 offset=AbsoluteStatic(0x01) size=Fixed(4) align=Aligned(1) repr=MemoryIdentical atomic=NonAtomic
  scrambled.tail                         offset=AbsoluteStatic(0x05) size=Fixed(2) align=Aligned(1) repr=ValueConverted atomic=NonAtomic

struct sealed_run size=19 mutate=Immutable address=Unstable repr=ValueConverted atomic=NonAtomic stage=VerifyGated auth=Covered(seal_mac)
  sealed_run.n                           offset=AbsoluteStatic(0x00) size=Fixed(1) align=Aligned(8) repr=MemoryIdentical atomic=AtomicWord
  sealed_run.body                        offset=AbsoluteStatic(0x01) size=Bounded(2, 10) align=Aligned(1) repr=MemoryIdentical atomic=NonAtomic mutate=Shifting stage=VerifyGated auth=Covered(seal_mac)
  sealed_run.body.vals                   offset=AbsoluteStatic(0x01) size=Bounded(0, 8) align=Aligned(1) repr=ValueConverted atomic=NonAtomic mutate=Shifting stage=VerifyGated auth=Covered(seal_mac)
  sealed_run.body.trailer                offset=Dynamic size=Fixed(2) align=Unaligned repr=ValueConverted atomic=NonAtomic address=Unstable stage=VerifyGated auth=Covered(seal_mac)
  sealed_run.seal_mac                    offset=Dynamic size=Fixed(16) align=Unaligned repr=MemoryIdentical atomic=NonAtomic mutate=Immutable address=Unstable

struct segment size=1 mutate=Shifting
  segment.length                         offset=AbsoluteStatic(0x00) size=Fixed(1) align=Aligned(8) repr=MemoryIdentical atomic=AtomicWord
  segment.body                           offset=AbsoluteStatic(0x01) size=Bounded(0, 255) align=Aligned(1) repr=MemoryIdentical atomic=AtomicWord mutate=Shifting

struct segments size=3 access=Sequential mutate=Shifting address=Unstable repr=ValueConverted atomic=NonAtomic
  segments.count                         offset=AbsoluteStatic(0x00) size=Fixed(1) align=Aligned(8) repr=MemoryIdentical atomic=AtomicWord
  segments.parts                         offset=AbsoluteStatic(0x01) size=Bounded(0, 65280) align=Aligned(1) repr=MemoryIdentical atomic=NonAtomic access=Sequential mutate=Shifting
  segments.parts[]                       offset=FrameStatic(0x00) size=Bounded(1, 256) align=Aligned(8) repr=MemoryIdentical atomic=NonAtomic access=Sequential mutate=Shifting
  segments.parts[].length                offset=FrameStatic(0x00) size=Fixed(1) align=Aligned(8) repr=MemoryIdentical atomic=AtomicWord
  segments.parts[].body                  offset=FrameStatic(0x01) size=Bounded(0, 255) align=Aligned(1) repr=MemoryIdentical atomic=AtomicWord mutate=Shifting
  segments.after                         offset=Dynamic size=Fixed(2) align=Unaligned repr=ValueConverted atomic=NonAtomic address=Unstable

struct shadowing size=20 repr=ValueConverted atomic=NonAtomic
  shadowing.base                         offset=AbsoluteStatic(0x00) size=Fixed(4) align=Aligned(8) repr=ValueConverted atomic=AtomicWord
  shadowing.limit                        offset=AbsoluteStatic(0x04) size=Fixed(4) align=Aligned(4) repr=ValueConverted atomic=AtomicWord
  shadowing.raw                          offset=AbsoluteStatic(0x08) size=Fixed(4) align=Aligned(8) repr=ValueConverted atomic=AtomicWord
  shadowing.bytes                        offset=AbsoluteStatic(0x0C) size=Fixed(4) align=Aligned(4) repr=MemoryIdentical atomic=NonAtomic
  shadowing.str                          offset=AbsoluteStatic(0x10) size=Fixed(4) align=Aligned(8) repr=ValueConverted atomic=AtomicWord

struct text_driver size=6 mutate=Shifting address=Unstable repr=TextConverted atomic=NonAtomic
  text_driver.n                          offset=AbsoluteStatic(0x00) size=Fixed(4) align=Aligned(8) repr=TextConverted atomic=NonAtomic
  text_driver.d                          offset=AbsoluteStatic(0x04) size=Bounded(0, 8) align=Aligned(4) repr=ValueConverted atomic=AtomicWord mutate=Shifting
  text_driver.tail                       offset=Dynamic size=Fixed(2) align=Unaligned repr=ValueConverted atomic=NonAtomic address=Unstable

struct texty size=2 access=Sequential mutate=Shifting address=Unstable repr=TextConverted canonical=NonCanonical
  texty.count                            offset=AbsoluteStatic(0x00) size=Bounded(2, 8) align=Aligned(8) repr=TextConverted atomic=AtomicWord mutate=Shifting canonical=NonCanonical
  texty.body                             offset=Scanned size=Bounded(0, 65535) align=Unaligned repr=MemoryIdentical atomic=AtomicWord access=Sequential mutate=Shifting address=Unstable

struct two_tags size=23 mutate=Immutable repr=ValueConverted atomic=NonAtomic auth=Covered(tag, checksum)
  two_tags.hop                           offset=AbsoluteStatic(0x00) size=Fixed(1) align=Aligned(8) repr=MemoryIdentical atomic=AtomicWord
  two_tags.inner                         offset=AbsoluteStatic(0x01) size=Fixed(2) align=Aligned(1) repr=MemoryIdentical atomic=NonAtomic auth=Covered(tag)
  two_tags.kind                          offset=AbsoluteStatic(0x01) size=Fixed(1) align=Aligned(1) repr=MemoryIdentical atomic=AtomicWord auth=Covered(tag)
  two_tags.<reserved0>                   offset=AbsoluteStatic(0x02) size=Fixed(4bit) align=Unaligned repr=ValueConverted atomic=NonAtomic auth=Covered(tag)
  two_tags.flags                         offset=AbsoluteStatic(0x02:4) size=Fixed(4bit) align=Unaligned repr=ValueConverted atomic=NonAtomic auth=Covered(tag)
  two_tags.tag                           offset=AbsoluteStatic(0x03) size=Fixed(16) align=Aligned(1) repr=MemoryIdentical atomic=NonAtomic mutate=Immutable
  two_tags.outer                         offset=AbsoluteStatic(0x13) size=Fixed(2) align=Aligned(1) repr=MemoryIdentical atomic=NonAtomic auth=Covered(checksum)
  two_tags.sequence                      offset=AbsoluteStatic(0x13) size=Fixed(2) align=Aligned(1) repr=ValueConverted atomic=NonAtomic auth=Covered(checksum)
  two_tags.checksum                      offset=AbsoluteStatic(0x15) size=Fixed(2) align=Aligned(1) repr=MemoryIdentical atomic=NonAtomic mutate=Immutable

struct unknown_reserved size=4 repr=ValueConverted canonical=NonCanonical
  unknown_reserved.version               offset=AbsoluteStatic(0x00) size=Fixed(1) align=Aligned(8) repr=MemoryIdentical atomic=AtomicWord
  unknown_reserved.<reserved0>           offset=AbsoluteStatic(0x01) size=Fixed(1) align=Aligned(1) repr=MemoryIdentical atomic=AtomicWord canonical=NonCanonical
  unknown_reserved.tail                  offset=AbsoluteStatic(0x02) size=Fixed(2) align=Aligned(2) repr=ValueConverted atomic=AtomicWord

struct unverified size=19 mutate=Immutable repr=ValueConverted atomic=NonAtomic stage=TransformTime auth=Covered(mac)
  unverified.hop                         offset=AbsoluteStatic(0x00) size=Fixed(1) align=Aligned(8) repr=MemoryIdentical atomic=AtomicWord
  unverified.body                        offset=AbsoluteStatic(0x01) size=Fixed(2) align=Aligned(1) repr=MemoryIdentical atomic=NonAtomic stage=TransformTime auth=Covered(mac)
  unverified.body.seq                    offset=AbsoluteStatic(0x01) size=Fixed(2) align=Aligned(1) repr=ValueConverted atomic=NonAtomic stage=TransformTime auth=Covered(mac)
  unverified.mac                         offset=AbsoluteStatic(0x03) size=Fixed(16) align=Aligned(1) repr=MemoryIdentical atomic=NonAtomic mutate=Immutable

struct varint_driver size=5 mutate=Shifting address=Unstable repr=ValueConverted atomic=NonAtomic canonical=NonCanonical
  varint_driver.n                        offset=AbsoluteStatic(0x00) size=Bounded(1, 9) align=Unaligned repr=ValueConverted atomic=NonAtomic mutate=InPlaceSlack canonical=NonCanonical
  varint_driver.d                        offset=Dynamic size=Bounded(2, 36893488147419103232) align=Unaligned repr=ValueConverted atomic=NonAtomic mutate=Shifting address=Unstable
  varint_driver.tail                     offset=Dynamic size=Fixed(2) align=Unaligned repr=ValueConverted atomic=NonAtomic address=Unstable

struct versioned size=3 repr=ValueConverted atomic=NonAtomic stage=ParseTime
  versioned.ver                          offset=AbsoluteStatic(0x00) size=Fixed(1) align=Aligned(8) repr=MemoryIdentical atomic=AtomicWord
  versioned.length                       offset=AbsoluteStatic(0x01) size=Fixed(2) align=Aligned(1) repr=ValueConverted atomic=NonAtomic
  versioned.flags                        offset=AbsoluteStatic(0x03) size=Fixed(4) align=Aligned(1) repr=ValueConverted atomic=NonAtomic stage=ParseTime
  versioned.extra                        offset=AbsoluteStatic(0x07) size=Fixed(2) align=Aligned(1) repr=ValueConverted atomic=NonAtomic stage=ParseTime

struct wide_run size=7 mutate=Shifting address=Unstable repr=ValueConverted atomic=NonAtomic
  wide_run.n                             offset=AbsoluteStatic(0x00) size=Fixed(1) align=Aligned(8) repr=MemoryIdentical atomic=AtomicWord
  wide_run.a                             offset=AbsoluteStatic(0x01) size=Bounded(0, 8) align=Aligned(1) repr=ValueConverted atomic=NonAtomic mutate=Shifting
  wide_run.b                             offset=Dynamic size=Bounded(4, 20) align=Unaligned repr=ValueConverted atomic=NonAtomic mutate=Shifting address=Unstable
  wide_run.tail                          offset=Dynamic size=Fixed(2) align=Unaligned repr=ValueConverted atomic=NonAtomic address=Unstable

struct wire::framed_body size=3 repr=ValueConverted atomic=NonAtomic
  wire::framed_body.kind                 offset=AbsoluteStatic(0x00) size=Fixed(1) align=Aligned(8) repr=MemoryIdentical atomic=AtomicWord
  wire::framed_body.length               offset=AbsoluteStatic(0x01) size=Fixed(2) align=Aligned(1) repr=ValueConverted atomic=NonAtomic
